// Jest Snapshot v1, https://goo.gl/fbAQLP

exports[`ItemProducts component should match a snapshot (ItemProducts.test.tsx.snap) 1`] = `
<Fragment>
  <Styled(Spinner)
    animation="border"
  />
</Fragment>
`;
